MPLINK 5.08, LINKER
Linker Map File - Created Sun Jan 24 22:42:30 2016

                                 Section Info
                  Section       Type    Address   Location Size(Bytes)
                ---------  ---------  ---------  ---------  ---------
                STARThere       code   0x000000    program   0x000002
                  INTserv       code   0x000004    program   0x000002
        IntVectorInterupt       code   0x000005    program   0x00046e
                   .cinit    romdata   0x00023c    program   0x000004
             _UARTIntcode       code   0x00023e    program   0x00017e
                       P1       code   0x000400    program   0x00009e
                       P2       code   0x000800    program   0x000262
             memPrincipal      udata   0x000020       data   0x000048
               UARTTstShr      udata   0x000070       data   0x000001
                   .udata      udata   0x0000a0       data   0x00002a



                              Program Memory Usage 
                               Start         End      
                           ---------   ---------      
                            0x000000    0x000000      
                            0x000004    0x0002fc      
                            0x000400    0x00044e      
                            0x000800    0x000930      
            1146 out of 8453 program addresses used, program memory utilization is 13%



                              Symbols - Sorted by Name
                     Name    Address   Location    Storage File                     
                ---------  ---------  ---------  --------- ---------                
         ALTERA_TIMER_VAL   0x0001ba    program     static ..\stepMotorControl.asm  
           AppendRxBuffer   0x0002dd    program     static ..\16UARTI.asm           
           AppendTxBuffer   0x00028a    program     static ..\16UARTI.asm           
                Async_ISR   0x000018    program     static ..\stepMotorControl.asm  
              ChkReceiver   0x0002c1    program     static ..\16UARTI.asm           
                   EndISR   0x0002f8    program     static ..\16UARTI.asm           
                  ExitInt   0x00008e    program     static ..\stepMotorControl.asm  
                    LINHA   0x0000e8    program     static ..\stepMotorControl.asm  
                     MErr   0x0001ca    program     static ..\stepMotorControl.asm  
                 NEXTBYTE   0x0000a7    program     static ..\stepMotorControl.asm  
                NEXTBYTE2   0x000123    program     static ..\stepMotorControl.asm  
               PutBIN2HEX   0x000209    program     static ..\stepMotorControl.asm  
                  PutChar   0x000201    program     static ..\stepMotorControl.asm  
                  PutErro   0x0001f8    program     static ..\stepMotorControl.asm  
                  PutFull   0x0001ef    program     static ..\stepMotorControl.asm  
                    PutOK   0x0001e6    program     static ..\stepMotorControl.asm  
                 RcvError   0x0002f1    program     static ..\16UARTI.asm           
                ReadAgain   0x0001d9    program     static ..\stepMotorControl.asm  
                RxBufFull   0x0002f1    program     static ..\16UARTI.asm           
           STATUS_SIMPLES   0x0000dd    program     static ..\stepMotorControl.asm  
           STATUS_SISTEMA   0x000130    program     static ..\stepMotorControl.asm  
                  SomaAux   0x000400    program     static ..\stepMotorControl.asm  
                     TAB1   0x000885    program     static ..\stepMotorControl.asm  
                 TAB1946A   0x000825    program     static ..\stepMotorControl.asm  
                 TAB1946B   0x000841    program     static ..\stepMotorControl.asm  
                     TAB2   0x0008a1    program     static ..\stepMotorControl.asm  
                     TAB3   0x0008bd    program     static ..\stepMotorControl.asm  
                     TAB4   0x0008d9    program     static ..\stepMotorControl.asm  
                  TABELA1   0x00022b    program     static ..\stepMotorControl.asm  
         TransferRecdData   0x000269    program     static ..\16UARTI.asm           
             TransmitData   0x0002b4    program     static ..\16UARTI.asm           
             TxBufNotFull   0x000299    program     static ..\16UARTI.asm           
             UARTIntGetCh   0x000262    program     extern ..\16UARTI.asm           
               UARTIntISR   0x00029f    program     extern ..\16UARTI.asm           
              UARTIntInit   0x00023e    program     extern ..\16UARTI.asm           
             UARTIntPutCh   0x000277    program     extern ..\16UARTI.asm           
                    Wait1   0x0001e9    program     static ..\stepMotorControl.asm  
                    Wait2   0x0001f2    program     static ..\stepMotorControl.asm  
                    Wait3   0x0001fb    program     static ..\stepMotorControl.asm  
                    Wait4   0x000203    program     static ..\stepMotorControl.asm  
               WaitRxData   0x0001d0    program     static ..\stepMotorControl.asm  
              WaitRxData1   0x0001d4    program     static ..\stepMotorControl.asm  
                   WaitTX   0x00021d    program     static ..\stepMotorControl.asm  
                apagaLed1   0x000068    program     static ..\stepMotorControl.asm  
                apagaLed2   0x000086    program     static ..\stepMotorControl.asm  
                apagaLed3   0x000022    program     static ..\stepMotorControl.asm  
                  bin2hex   0x000222    program     static ..\stepMotorControl.asm  
               bufferFull   0x00012a    program     static ..\stepMotorControl.asm  
                continua1   0x00085c    program     static ..\stepMotorControl.asm  
                continua2   0x000809    program     static ..\stepMotorControl.asm  
        continuaPrograma1   0x000026    program     static ..\stepMotorControl.asm  
                     dacA   0x00087a    program     static ..\stepMotorControl.asm  
                     dacB   0x000896    program     static ..\stepMotorControl.asm  
                diminuir1   0x00085a    program     static ..\stepMotorControl.asm  
                diminuir2   0x000807    program     static ..\stepMotorControl.asm  
                    direA   0x0008b2    program     static ..\stepMotorControl.asm  
                    direB   0x0008ce    program     static ..\stepMotorControl.asm  
                    fim11   0x00044a    program     static ..\stepMotorControl.asm  
                    fim12   0x00044b    program     static ..\stepMotorControl.asm  
                    fim13   0x00044b    program     static ..\stepMotorControl.asm  
                    fim21   0x000441    program     static ..\stepMotorControl.asm  
                    fim22   0x000442    program     static ..\stepMotorControl.asm  
                    fim23   0x000442    program     static ..\stepMotorControl.asm  
                    fim31   0x000432    program     static ..\stepMotorControl.asm  
                    fim32   0x000433    program     static ..\stepMotorControl.asm  
                    fim33   0x000439    program     static ..\stepMotorControl.asm  
                    fim41   0x000423    program     static ..\stepMotorControl.asm  
                    fim42   0x000424    program     static ..\stepMotorControl.asm  
                    fim43   0x000429    program     static ..\stepMotorControl.asm  
                     fim5   0x00041b    program     static ..\stepMotorControl.asm  
                  fimLed1   0x000068    program     static ..\stepMotorControl.asm  
                  fimLed2   0x000086    program     static ..\stepMotorControl.asm  
                  fimLed3   0x000024    program     static ..\stepMotorControl.asm  
                     loop   0x0000d9    program     static ..\stepMotorControl.asm  
                     main   0x0000a0    program     static ..\stepMotorControl.asm  
           procStepLB1946   0x000800    program     static ..\stepMotorControl.asm  
            processaPasso   0x000852    program     static ..\stepMotorControl.asm  
                    proxY   0x000068    program     static ..\stepMotorControl.asm  
                    proxZ   0x000086    program     static ..\stepMotorControl.asm  
                     ser1   0x00091c    program     static ..\stepMotorControl.asm  
                     ser2   0x00092a    program     static ..\stepMotorControl.asm  
                     serE   0x00091d    program     static ..\stepMotorControl.asm  
                    serE2   0x00092b    program     static ..\stepMotorControl.asm  
              serNextByte   0x000922    program     static ..\stepMotorControl.asm  
           serProximoBit1   0x000916    program     static ..\stepMotorControl.asm  
           serProximoBit2   0x000924    program     static ..\stepMotorControl.asm  
               serializar   0x000913    program     static ..\stepMotorControl.asm  
               tabLB1946a   0x00081a    program     static ..\stepMotorControl.asm  
               tabLB1946b   0x000836    program     static ..\stepMotorControl.asm  
                CONTADORX   0x00003c       data     static ..\stepMotorControl.asm  
                CONTADORY   0x000043       data     static ..\stepMotorControl.asm  
                CONTADORZ   0x00004a       data     static ..\stepMotorControl.asm  
                 FSR_TEMP   0x000022       data     static ..\stepMotorControl.asm  
                ISR_FSR0L   0x0000c9       data     static ..\UARTInt.asm           
                  Ibobina   0x000026       data     static ..\stepMotorControl.asm  
                   MOTORX   0x000029       data     static ..\stepMotorControl.asm  
                   MOTORY   0x00002a       data     static ..\stepMotorControl.asm  
                   MOTORZ   0x00002b       data     static ..\stepMotorControl.asm  
              PCLATH_TEMP   0x000021       data     static ..\stepMotorControl.asm  
                   RXByte   0x00005e       data     static ..\stepMotorControl.asm  
              STATUSLINHA   0x00002c       data     static ..\stepMotorControl.asm  
              STATUS_TEMP   0x000020       data     static ..\stepMotorControl.asm  
       VARIAVEL_TIMER_VAL   0x000023       data     static ..\stepMotorControl.asm  
                   W_TEMP   0x000070       data     static ..\stepMotorControl.asm  
                     ZERO   0x000063       data     static ..\stepMotorControl.asm  
                     addA   0x000051       data     static ..\stepMotorControl.asm  
                     addB   0x000052       data     static ..\stepMotorControl.asm  
                   addtmp   0x000053       data     static ..\stepMotorControl.asm  
                    cANGX   0x00002d       data     static ..\stepMotorControl.asm  
                    cANGY   0x000031       data     static ..\stepMotorControl.asm  
                    cANGZ   0x000035       data     static ..\stepMotorControl.asm  
                    carry   0x00005a       data     static ..\stepMotorControl.asm  
                   carryX   0x000042       data     static ..\stepMotorControl.asm  
                   carryY   0x000049       data     static ..\stepMotorControl.asm  
                   carryZ   0x000050       data     static ..\stepMotorControl.asm  
               ctrlVelIni   0x000024       data     static ..\stepMotorControl.asm  
                dirMotorX   0x000030       data     static ..\stepMotorControl.asm  
                dirMotorY   0x000034       data     static ..\stepMotorControl.asm  
                dirMotorZ   0x000038       data     static ..\stepMotorControl.asm  
                  direcao   0x000027       data     static ..\stepMotorControl.asm  
               ledTeste01   0x00005b       data     static ..\stepMotorControl.asm  
                motorWTmp   0x000028       data     static ..\stepMotorControl.asm  
                  nPassos   0x000039       data     static ..\stepMotorControl.asm  
                  ppMotor   0x000025       data     static ..\stepMotorControl.asm  
                    sHIGH   0x000064       data     static ..\stepMotorControl.asm  
                     sLOW   0x000065       data     static ..\stepMotorControl.asm  
                 serCount   0x000067       data     static ..\stepMotorControl.asm  
                somaCarry   0x000059       data     static ..\stepMotorControl.asm  
                     tFSR   0x00005f       data     static ..\stepMotorControl.asm  
                       tW   0x000060       data     static ..\stepMotorControl.asm  
                    temp1   0x0000c7       data     static ..\UARTInt.asm           
                    temp3   0x0000c8       data     static ..\UARTInt.asm           
                 tempChar   0x000061       data     static ..\stepMotorControl.asm  
                   timerH   0x00005d       data     static ..\stepMotorControl.asm  
                   timerL   0x00005c       data     static ..\stepMotorControl.asm  
                  tmpByte   0x000062       data     static ..\stepMotorControl.asm  
     vUARTIntRxBufDataCnt   0x0000c4       data     extern ..\UARTInt.asm           
       vUARTIntRxBufRdPtr   0x0000c6       data     static ..\UARTInt.asm           
       vUARTIntRxBufWrPtr   0x0000c5       data     static ..\UARTInt.asm           
         vUARTIntRxBuffer   0x0000b4       data     extern ..\UARTInt.asm           
           vUARTIntStatus   0x0000a0       data     extern ..\UARTInt.asm           
     vUARTIntTxBufDataCnt   0x0000b1       data     extern ..\UARTInt.asm           
       vUARTIntTxBufRdPtr   0x0000b3       data     static ..\UARTInt.asm           
       vUARTIntTxBufWrPtr   0x0000b2       data     static ..\UARTInt.asm           
         vUARTIntTxBuffer   0x0000a1       data     extern ..\UARTInt.asm           



                              Symbols - Sorted by Address
                     Name    Address   Location    Storage File                     
                ---------  ---------  ---------  --------- ---------                
                Async_ISR   0x000018    program     static ..\stepMotorControl.asm  
                apagaLed3   0x000022    program     static ..\stepMotorControl.asm  
                  fimLed3   0x000024    program     static ..\stepMotorControl.asm  
        continuaPrograma1   0x000026    program     static ..\stepMotorControl.asm  
                    proxY   0x000068    program     static ..\stepMotorControl.asm  
                apagaLed1   0x000068    program     static ..\stepMotorControl.asm  
                  fimLed1   0x000068    program     static ..\stepMotorControl.asm  
                    proxZ   0x000086    program     static ..\stepMotorControl.asm  
                apagaLed2   0x000086    program     static ..\stepMotorControl.asm  
                  fimLed2   0x000086    program     static ..\stepMotorControl.asm  
                  ExitInt   0x00008e    program     static ..\stepMotorControl.asm  
                     main   0x0000a0    program     static ..\stepMotorControl.asm  
                 NEXTBYTE   0x0000a7    program     static ..\stepMotorControl.asm  
                     loop   0x0000d9    program     static ..\stepMotorControl.asm  
           STATUS_SIMPLES   0x0000dd    program     static ..\stepMotorControl.asm  
                    LINHA   0x0000e8    program     static ..\stepMotorControl.asm  
                NEXTBYTE2   0x000123    program     static ..\stepMotorControl.asm  
               bufferFull   0x00012a    program     static ..\stepMotorControl.asm  
           STATUS_SISTEMA   0x000130    program     static ..\stepMotorControl.asm  
         ALTERA_TIMER_VAL   0x0001ba    program     static ..\stepMotorControl.asm  
                     MErr   0x0001ca    program     static ..\stepMotorControl.asm  
               WaitRxData   0x0001d0    program     static ..\stepMotorControl.asm  
              WaitRxData1   0x0001d4    program     static ..\stepMotorControl.asm  
                ReadAgain   0x0001d9    program     static ..\stepMotorControl.asm  
                    PutOK   0x0001e6    program     static ..\stepMotorControl.asm  
                    Wait1   0x0001e9    program     static ..\stepMotorControl.asm  
                  PutFull   0x0001ef    program     static ..\stepMotorControl.asm  
                    Wait2   0x0001f2    program     static ..\stepMotorControl.asm  
                  PutErro   0x0001f8    program     static ..\stepMotorControl.asm  
                    Wait3   0x0001fb    program     static ..\stepMotorControl.asm  
                  PutChar   0x000201    program     static ..\stepMotorControl.asm  
                    Wait4   0x000203    program     static ..\stepMotorControl.asm  
               PutBIN2HEX   0x000209    program     static ..\stepMotorControl.asm  
                   WaitTX   0x00021d    program     static ..\stepMotorControl.asm  
                  bin2hex   0x000222    program     static ..\stepMotorControl.asm  
                  TABELA1   0x00022b    program     static ..\stepMotorControl.asm  
              UARTIntInit   0x00023e    program     extern ..\16UARTI.asm           
             UARTIntGetCh   0x000262    program     extern ..\16UARTI.asm           
         TransferRecdData   0x000269    program     static ..\16UARTI.asm           
             UARTIntPutCh   0x000277    program     extern ..\16UARTI.asm           
           AppendTxBuffer   0x00028a    program     static ..\16UARTI.asm           
             TxBufNotFull   0x000299    program     static ..\16UARTI.asm           
               UARTIntISR   0x00029f    program     extern ..\16UARTI.asm           
             TransmitData   0x0002b4    program     static ..\16UARTI.asm           
              ChkReceiver   0x0002c1    program     static ..\16UARTI.asm           
           AppendRxBuffer   0x0002dd    program     static ..\16UARTI.asm           
                 RcvError   0x0002f1    program     static ..\16UARTI.asm           
                RxBufFull   0x0002f1    program     static ..\16UARTI.asm           
                   EndISR   0x0002f8    program     static ..\16UARTI.asm           
                  SomaAux   0x000400    program     static ..\stepMotorControl.asm  
                     fim5   0x00041b    program     static ..\stepMotorControl.asm  
                    fim41   0x000423    program     static ..\stepMotorControl.asm  
                    fim42   0x000424    program     static ..\stepMotorControl.asm  
                    fim43   0x000429    program     static ..\stepMotorControl.asm  
                    fim31   0x000432    program     static ..\stepMotorControl.asm  
                    fim32   0x000433    program     static ..\stepMotorControl.asm  
                    fim33   0x000439    program     static ..\stepMotorControl.asm  
                    fim21   0x000441    program     static ..\stepMotorControl.asm  
                    fim22   0x000442    program     static ..\stepMotorControl.asm  
                    fim23   0x000442    program     static ..\stepMotorControl.asm  
                    fim11   0x00044a    program     static ..\stepMotorControl.asm  
                    fim12   0x00044b    program     static ..\stepMotorControl.asm  
                    fim13   0x00044b    program     static ..\stepMotorControl.asm  
           procStepLB1946   0x000800    program     static ..\stepMotorControl.asm  
                diminuir2   0x000807    program     static ..\stepMotorControl.asm  
                continua2   0x000809    program     static ..\stepMotorControl.asm  
               tabLB1946a   0x00081a    program     static ..\stepMotorControl.asm  
                 TAB1946A   0x000825    program     static ..\stepMotorControl.asm  
               tabLB1946b   0x000836    program     static ..\stepMotorControl.asm  
                 TAB1946B   0x000841    program     static ..\stepMotorControl.asm  
            processaPasso   0x000852    program     static ..\stepMotorControl.asm  
                diminuir1   0x00085a    program     static ..\stepMotorControl.asm  
                continua1   0x00085c    program     static ..\stepMotorControl.asm  
                     dacA   0x00087a    program     static ..\stepMotorControl.asm  
                     TAB1   0x000885    program     static ..\stepMotorControl.asm  
                     dacB   0x000896    program     static ..\stepMotorControl.asm  
                     TAB2   0x0008a1    program     static ..\stepMotorControl.asm  
                    direA   0x0008b2    program     static ..\stepMotorControl.asm  
                     TAB3   0x0008bd    program     static ..\stepMotorControl.asm  
                    direB   0x0008ce    program     static ..\stepMotorControl.asm  
                     TAB4   0x0008d9    program     static ..\stepMotorControl.asm  
               serializar   0x000913    program     static ..\stepMotorControl.asm  
           serProximoBit1   0x000916    program     static ..\stepMotorControl.asm  
                     ser1   0x00091c    program     static ..\stepMotorControl.asm  
                     serE   0x00091d    program     static ..\stepMotorControl.asm  
              serNextByte   0x000922    program     static ..\stepMotorControl.asm  
           serProximoBit2   0x000924    program     static ..\stepMotorControl.asm  
                     ser2   0x00092a    program     static ..\stepMotorControl.asm  
                    serE2   0x00092b    program     static ..\stepMotorControl.asm  
              STATUS_TEMP   0x000020       data     static ..\stepMotorControl.asm  
              PCLATH_TEMP   0x000021       data     static ..\stepMotorControl.asm  
                 FSR_TEMP   0x000022       data     static ..\stepMotorControl.asm  
       VARIAVEL_TIMER_VAL   0x000023       data     static ..\stepMotorControl.asm  
               ctrlVelIni   0x000024       data     static ..\stepMotorControl.asm  
                  ppMotor   0x000025       data     static ..\stepMotorControl.asm  
                  Ibobina   0x000026       data     static ..\stepMotorControl.asm  
                  direcao   0x000027       data     static ..\stepMotorControl.asm  
                motorWTmp   0x000028       data     static ..\stepMotorControl.asm  
                   MOTORX   0x000029       data     static ..\stepMotorControl.asm  
                   MOTORY   0x00002a       data     static ..\stepMotorControl.asm  
                   MOTORZ   0x00002b       data     static ..\stepMotorControl.asm  
              STATUSLINHA   0x00002c       data     static ..\stepMotorControl.asm  
                    cANGX   0x00002d       data     static ..\stepMotorControl.asm  
                dirMotorX   0x000030       data     static ..\stepMotorControl.asm  
                    cANGY   0x000031       data     static ..\stepMotorControl.asm  
                dirMotorY   0x000034       data     static ..\stepMotorControl.asm  
                    cANGZ   0x000035       data     static ..\stepMotorControl.asm  
                dirMotorZ   0x000038       data     static ..\stepMotorControl.asm  
                  nPassos   0x000039       data     static ..\stepMotorControl.asm  
                CONTADORX   0x00003c       data     static ..\stepMotorControl.asm  
                   carryX   0x000042       data     static ..\stepMotorControl.asm  
                CONTADORY   0x000043       data     static ..\stepMotorControl.asm  
                   carryY   0x000049       data     static ..\stepMotorControl.asm  
                CONTADORZ   0x00004a       data     static ..\stepMotorControl.asm  
                   carryZ   0x000050       data     static ..\stepMotorControl.asm  
                     addA   0x000051       data     static ..\stepMotorControl.asm  
                     addB   0x000052       data     static ..\stepMotorControl.asm  
                   addtmp   0x000053       data     static ..\stepMotorControl.asm  
                somaCarry   0x000059       data     static ..\stepMotorControl.asm  
                    carry   0x00005a       data     static ..\stepMotorControl.asm  
               ledTeste01   0x00005b       data     static ..\stepMotorControl.asm  
                   timerL   0x00005c       data     static ..\stepMotorControl.asm  
                   timerH   0x00005d       data     static ..\stepMotorControl.asm  
                   RXByte   0x00005e       data     static ..\stepMotorControl.asm  
                     tFSR   0x00005f       data     static ..\stepMotorControl.asm  
                       tW   0x000060       data     static ..\stepMotorControl.asm  
                 tempChar   0x000061       data     static ..\stepMotorControl.asm  
                  tmpByte   0x000062       data     static ..\stepMotorControl.asm  
                     ZERO   0x000063       data     static ..\stepMotorControl.asm  
                    sHIGH   0x000064       data     static ..\stepMotorControl.asm  
                     sLOW   0x000065       data     static ..\stepMotorControl.asm  
                 serCount   0x000067       data     static ..\stepMotorControl.asm  
                   W_TEMP   0x000070       data     static ..\stepMotorControl.asm  
           vUARTIntStatus   0x0000a0       data     extern ..\UARTInt.asm           
         vUARTIntTxBuffer   0x0000a1       data     extern ..\UARTInt.asm           
     vUARTIntTxBufDataCnt   0x0000b1       data     extern ..\UARTInt.asm           
       vUARTIntTxBufWrPtr   0x0000b2       data     static ..\UARTInt.asm           
       vUARTIntTxBufRdPtr   0x0000b3       data     static ..\UARTInt.asm           
         vUARTIntRxBuffer   0x0000b4       data     extern ..\UARTInt.asm           
     vUARTIntRxBufDataCnt   0x0000c4       data     extern ..\UARTInt.asm           
       vUARTIntRxBufWrPtr   0x0000c5       data     static ..\UARTInt.asm           
       vUARTIntRxBufRdPtr   0x0000c6       data     static ..\UARTInt.asm           
                    temp1   0x0000c7       data     static ..\UARTInt.asm           
                    temp3   0x0000c8       data     static ..\UARTInt.asm           
                ISR_FSR0L   0x0000c9       data     static ..\UARTInt.asm           


