MPLINK 4.06, Linker
Linker Map File - Created Thu Mar 15 23:11:35 2018

                                 Section Info
                  Section       Type    Address   Location Size(Bytes)
                ---------  ---------  ---------  ---------  ---------
                STARThere       code   0x000000    program   0x000002
                  INTserv       code   0x000004    program   0x000002
        IntVectorInterupt       code   0x000005    program   0x0005d8
                   .cinit    romdata   0x0002f1    program   0x000004
             _UARTIntcode       code   0x0002f3    program   0x000182
                       P1       code   0x000400    program   0x0002a2
                       P2       code   0x000800    program   0x0004d4
             memPrincipal      udata   0x000020       data   0x000045
               UARTTstShr      udata   0x000070       data   0x000008
                  memFIFO      udata   0x0000a0       data   0x000049
                   memADC      udata   0x000110       data   0x000010
                   .udata      udata   0x000120       data   0x00001e



                              Program Memory Usage 
                               Start         End      
                           ---------   ---------      
                            0x000000    0x000000      
                            0x000004    0x0003b3      
                            0x000400    0x000550      
                            0x000800    0x000a69      
            1900 out of 8453 program addresses used, program memory utilization is 22%



                              Symbols - Sorted by Name
                     Name    Address   Location    Storage File                     
                ---------  ---------  ---------  --------- ---------                
                    A2919   0x000870    program     static C:\microstep-controller\PIC code\StepMotorControl.asm
               ALTERA_PWM   0x0001dc    program     static C:\microstep-controller\PIC code\StepMotorControl.asm
         ALTERA_TIMER_VAL   0x00026d    program     static C:\microstep-controller\PIC code\StepMotorControl.asm
           AppendRxBuffer   0x000392    program     static C:\microstep-controller\PIC code\16UARTI.asm
           AppendTxBuffer   0x00033f    program     static C:\microstep-controller\PIC code\16UARTI.asm
                Async_ISR   0x000019    program     static C:\microstep-controller\PIC code\StepMotorControl.asm
            CAPTURA_PORTD   0x0001d6    program     static C:\microstep-controller\PIC code\StepMotorControl.asm
              ChkReceiver   0x000376    program     static C:\microstep-controller\PIC code\16UARTI.asm
             DADOINVALIDO   0x000273    program     static C:\microstep-controller\PIC code\StepMotorControl.asm
           DESLIGAMOTORES   0x0001c9    program     static C:\microstep-controller\PIC code\StepMotorControl.asm
                   EndISR   0x0003af    program     static C:\microstep-controller\PIC code\16UARTI.asm
             ExecBehavior   0x0009a9    program     static C:\microstep-controller\PIC code\StepMotorControl.asm
                  ExitInt   0x0000f1    program     static C:\microstep-controller\PIC code\StepMotorControl.asm
               FimKeyScan   0x000965    program     static C:\microstep-controller\PIC code\StepMotorControl.asm
              IGNORE_CHAR   0x0001b6    program     static C:\microstep-controller\PIC code\StepMotorControl.asm
                  KeyScan   0x000955    program     static C:\microstep-controller\PIC code\StepMotorControl.asm
                    LINHA   0x000227    program     static C:\microstep-controller\PIC code\StepMotorControl.asm
            LINHA_SIMPLES   0x0001e6    program     static C:\microstep-controller\PIC code\StepMotorControl.asm
            LookForRxData   0x000277    program     static C:\microstep-controller\PIC code\StepMotorControl.asm
                     Loop   0x000151    program     static C:\microstep-controller\PIC code\StepMotorControl.asm
                NEXTBYTE2   0x000080    program     static C:\microstep-controller\PIC code\StepMotorControl.asm
                NEXTBYTE3   0x00021c    program     static C:\microstep-controller\PIC code\StepMotorControl.asm
           NEXTBYTE_BANK1   0x00010b    program     static C:\microstep-controller\PIC code\StepMotorControl.asm
           NEXTBYTE_BANK2   0x000114    program     static C:\microstep-controller\PIC code\StepMotorControl.asm
            NEXT_PWM_SIG1   0x0009e3    program     static C:\microstep-controller\PIC code\StepMotorControl.asm
            NEXT_PWM_SIG2   0x0009ec    program     static C:\microstep-controller\PIC code\StepMotorControl.asm
            NEXT_PWM_SIG3   0x0009f5    program     static C:\microstep-controller\PIC code\StepMotorControl.asm
            NEXT_PWM_SIG4   0x0009fe    program     static C:\microstep-controller\PIC code\StepMotorControl.asm
               PutBIN2HEX   0x0002c3    program     static C:\microstep-controller\PIC code\StepMotorControl.asm
                PutBigHEX   0x0004ba    program     static C:\microstep-controller\PIC code\StepMotorControl.asm
                  PutChar   0x0002bb    program     static C:\microstep-controller\PIC code\StepMotorControl.asm
                  PutERRO   0x0002b2    program     static C:\microstep-controller\PIC code\StepMotorControl.asm
                  PutFULL   0x0002a0    program     static C:\microstep-controller\PIC code\StepMotorControl.asm
                    PutOK   0x000297    program     static C:\microstep-controller\PIC code\StepMotorControl.asm
                 PutREADY   0x0002a9    program     static C:\microstep-controller\PIC code\StepMotorControl.asm
                 RcvError   0x0003a8    program     static C:\microstep-controller\PIC code\16UARTI.asm
                ReadAgain   0x000284    program     static C:\microstep-controller\PIC code\StepMotorControl.asm
                RxBufFull   0x0003a6    program     static C:\microstep-controller\PIC code\16UARTI.asm
             SETABEHAVIOR   0x0001b7    program     static C:\microstep-controller\PIC code\StepMotorControl.asm
                SETAIOPIN   0x000a1c    program     static C:\microstep-controller\PIC code\StepMotorControl.asm
               SETA_BIT_1   0x000a34    program     static C:\microstep-controller\PIC code\StepMotorControl.asm
               SETA_BIT_2   0x000a41    program     static C:\microstep-controller\PIC code\StepMotorControl.asm
               SETA_BIT_3   0x000a4e    program     static C:\microstep-controller\PIC code\StepMotorControl.asm
               SETA_BIT_4   0x000a5b    program     static C:\microstep-controller\PIC code\StepMotorControl.asm
             SETA_BIT_FIM   0x000a67    program     static C:\microstep-controller\PIC code\StepMotorControl.asm
           STATUS_SIMPLES   0x0001cc    program     static C:\microstep-controller\PIC code\StepMotorControl.asm
           STATUS_SISTEMA   0x00044e    program     static C:\microstep-controller\PIC code\StepMotorControl.asm
         SerializarViaSSP   0x000938    program     static C:\microstep-controller\PIC code\StepMotorControl.asm
                  SomaAux   0x000400    program     static C:\microstep-controller\PIC code\StepMotorControl.asm
                  Strings   0x0004e6    program     static C:\microstep-controller\PIC code\StepMotorControl.asm
                     TAB1   0x0008b4    program     static C:\microstep-controller\PIC code\StepMotorControl.asm
                 TAB1946A   0x000825    program     static C:\microstep-controller\PIC code\StepMotorControl.asm
                 TAB1946B   0x000841    program     static C:\microstep-controller\PIC code\StepMotorControl.asm
                     TAB2   0x0008d0    program     static C:\microstep-controller\PIC code\StepMotorControl.asm
                     TAB3   0x0008ec    program     static C:\microstep-controller\PIC code\StepMotorControl.asm
                     TAB4   0x000908    program     static C:\microstep-controller\PIC code\StepMotorControl.asm
                  TABELA1   0x0002e0    program     static C:\microstep-controller\PIC code\StepMotorControl.asm
         TransferRecdData   0x00031e    program     static C:\microstep-controller\PIC code\16UARTI.asm
   TransferRecdDataToExec   0x000037    program     static C:\microstep-controller\PIC code\StepMotorControl.asm
             TransmitData   0x000369    program     static C:\microstep-controller\PIC code\16UARTI.asm
             TxBufNotFull   0x00034e    program     static C:\microstep-controller\PIC code\16UARTI.asm
             UARTIntGetCh   0x000317    program     extern C:\microstep-controller\PIC code\16UARTI.asm
               UARTIntISR   0x000354    program     extern C:\microstep-controller\PIC code\16UARTI.asm
              UARTIntInit   0x0002f3    program     extern C:\microstep-controller\PIC code\16UARTI.asm
             UARTIntPutCh   0x00032c    program     extern C:\microstep-controller\PIC code\16UARTI.asm
                    Wait1   0x00029a    program     static C:\microstep-controller\PIC code\StepMotorControl.asm
                    Wait2   0x0002a3    program     static C:\microstep-controller\PIC code\StepMotorControl.asm
                    Wait3   0x0002b5    program     static C:\microstep-controller\PIC code\StepMotorControl.asm
               WaitRxData   0x00027b    program     static C:\microstep-controller\PIC code\StepMotorControl.asm
              WaitRxData1   0x00027f    program     static C:\microstep-controller\PIC code\StepMotorControl.asm
                   WaitTX   0x000292    program     static C:\microstep-controller\PIC code\StepMotorControl.asm
                 _10JeEnd   0x0001a7    program     static C:\microstep-controller\PIC code\StepMotorControl.asm
                 _11JeEnd   0x0001ae    program     static C:\microstep-controller\PIC code\StepMotorControl.asm
                 _12JeEnd   0x0001b5    program     static C:\microstep-controller\PIC code\StepMotorControl.asm
                  _1JeEnd   0x000168    program     static C:\microstep-controller\PIC code\StepMotorControl.asm
                  _2JeEnd   0x00016f    program     static C:\microstep-controller\PIC code\StepMotorControl.asm
                  _3JeEnd   0x000176    program     static C:\microstep-controller\PIC code\StepMotorControl.asm
                  _4JeEnd   0x00017d    program     static C:\microstep-controller\PIC code\StepMotorControl.asm
                  _5JeEnd   0x000184    program     static C:\microstep-controller\PIC code\StepMotorControl.asm
                  _6JeEnd   0x00018b    program     static C:\microstep-controller\PIC code\StepMotorControl.asm
                  _7JeEnd   0x000192    program     static C:\microstep-controller\PIC code\StepMotorControl.asm
                  _8JeEnd   0x000199    program     static C:\microstep-controller\PIC code\StepMotorControl.asm
                  _9JeEnd   0x0001a0    program     static C:\microstep-controller\PIC code\StepMotorControl.asm
  _IntVectorInterupt_02AD   0x0002ad    program     static C:\microstep-controller\PIC code\StepMotorControl.asm
  _IntVectorInterupt_02BE   0x0002be    program     static C:\microstep-controller\PIC code\StepMotorControl.asm
                  actDown   0x000977    program     static C:\microstep-controller\PIC code\StepMotorControl.asm
                 actDownR   0x00097a    program     static C:\microstep-controller\PIC code\StepMotorControl.asm
                  actLeft   0x00098e    program     static C:\microstep-controller\PIC code\StepMotorControl.asm
                 actRight   0x000992    program     static C:\microstep-controller\PIC code\StepMotorControl.asm
                actRightR   0x000995    program     static C:\microstep-controller\PIC code\StepMotorControl.asm
                    actUp   0x000973    program     static C:\microstep-controller\PIC code\StepMotorControl.asm
                apagaLed3   0x00002e    program     static C:\microstep-controller\PIC code\StepMotorControl.asm
                  bin2hex   0x0002d7    program     static C:\microstep-controller\PIC code\StepMotorControl.asm
                continua1   0x00088b    program     static C:\microstep-controller\PIC code\StepMotorControl.asm
                continua2   0x000809    program     static C:\microstep-controller\PIC code\StepMotorControl.asm
               continua2a   0x00085b    program     static C:\microstep-controller\PIC code\StepMotorControl.asm
        continuaPrograma1   0x000086    program     static C:\microstep-controller\PIC code\StepMotorControl.asm
                     dacA   0x0008a9    program     static C:\microstep-controller\PIC code\StepMotorControl.asm
                     dacB   0x0008c5    program     static C:\microstep-controller\PIC code\StepMotorControl.asm
       desligaMotoresFunc   0x0009ff    program     static C:\microstep-controller\PIC code\StepMotorControl.asm
                diminuir1   0x000889    program     static C:\microstep-controller\PIC code\StepMotorControl.asm
                diminuir2   0x000807    program     static C:\microstep-controller\PIC code\StepMotorControl.asm
               diminuir2a   0x000859    program     static C:\microstep-controller\PIC code\StepMotorControl.asm
                    direA   0x0008e1    program     static C:\microstep-controller\PIC code\StepMotorControl.asm
                    direB   0x0008fd    program     static C:\microstep-controller\PIC code\StepMotorControl.asm
                    fim11   0x000449    program     static C:\microstep-controller\PIC code\StepMotorControl.asm
                    fim12   0x00044a    program     static C:\microstep-controller\PIC code\StepMotorControl.asm
                    fim13   0x00044a    program     static C:\microstep-controller\PIC code\StepMotorControl.asm
                    fim21   0x000440    program     static C:\microstep-controller\PIC code\StepMotorControl.asm
                    fim22   0x000441    program     static C:\microstep-controller\PIC code\StepMotorControl.asm
                    fim23   0x000441    program     static C:\microstep-controller\PIC code\StepMotorControl.asm
                    fim31   0x000431    program     static C:\microstep-controller\PIC code\StepMotorControl.asm
                    fim32   0x000432    program     static C:\microstep-controller\PIC code\StepMotorControl.asm
                    fim33   0x000438    program     static C:\microstep-controller\PIC code\StepMotorControl.asm
                    fim41   0x000422    program     static C:\microstep-controller\PIC code\StepMotorControl.asm
                    fim42   0x000423    program     static C:\microstep-controller\PIC code\StepMotorControl.asm
                    fim43   0x000428    program     static C:\microstep-controller\PIC code\StepMotorControl.asm
                     fim5   0x00041a    program     static C:\microstep-controller\PIC code\StepMotorControl.asm
                  fimLed1   0x0000c8    program     static C:\microstep-controller\PIC code\StepMotorControl.asm
                  fimLed3   0x000030    program     static C:\microstep-controller\PIC code\StepMotorControl.asm
                  getChar   0x0004b4    program     static C:\microstep-controller\PIC code\StepMotorControl.asm
    linhaAindaEmAndamento   0x0000f1    program     static C:\microstep-controller\PIC code\StepMotorControl.asm
                     main   0x000103    program     static C:\microstep-controller\PIC code\StepMotorControl.asm
                    pBEnd   0x0004e5    program     static C:\microstep-controller\PIC code\StepMotorControl.asm
               pBNextByte   0x0004bd    program     static C:\microstep-controller\PIC code\StepMotorControl.asm
                   printS   0x0004a4    program     static C:\microstep-controller\PIC code\StepMotorControl.asm
                printSFim   0x0004b3    program     static C:\microstep-controller\PIC code\StepMotorControl.asm
          procPWM_ANALISA   0x0009d8    program     static C:\microstep-controller\PIC code\StepMotorControl.asm
         procPWM_SETA_ALL   0x0009d1    program     static C:\microstep-controller\PIC code\StepMotorControl.asm
            procStepA2919   0x000852    program     static C:\microstep-controller\PIC code\StepMotorControl.asm
           procStepLB1946   0x000800    program     static C:\microstep-controller\PIC code\StepMotorControl.asm
          processaPWMFunc   0x0009ca    program     static C:\microstep-controller\PIC code\StepMotorControl.asm
            processaPasso   0x000881    program     static C:\microstep-controller\PIC code\StepMotorControl.asm
                    proxY   0x0000c8    program     static C:\microstep-controller\PIC code\StepMotorControl.asm
                    proxZ   0x0000e6    program     static C:\microstep-controller\PIC code\StepMotorControl.asm
             rFIFOBufFull   0x000269    program     static C:\microstep-controller\PIC code\StepMotorControl.asm
            rFIFOContinue   0x00026b    program     static C:\microstep-controller\PIC code\StepMotorControl.asm
                     ser1   0x000923    program     static C:\microstep-controller\PIC code\StepMotorControl.asm
                     ser2   0x000930    program     static C:\microstep-controller\PIC code\StepMotorControl.asm
                     serE   0x000924    program     static C:\microstep-controller\PIC code\StepMotorControl.asm
                    serE2   0x000931    program     static C:\microstep-controller\PIC code\StepMotorControl.asm
              serNextByte   0x000928    program     static C:\microstep-controller\PIC code\StepMotorControl.asm
           serProximoBit1   0x00091d    program     static C:\microstep-controller\PIC code\StepMotorControl.asm
           serProximoBit2   0x00092a    program     static C:\microstep-controller\PIC code\StepMotorControl.asm
               serializar   0x00091a    program     static C:\microstep-controller\PIC code\StepMotorControl.asm
                     str1   0x0004e6    program     static C:\microstep-controller\PIC code\StepMotorControl.asm
                     str2   0x000528    program     static C:\microstep-controller\PIC code\StepMotorControl.asm
                 tabA2919   0x000865    program     static C:\microstep-controller\PIC code\StepMotorControl.asm
               tabLB1946a   0x00081a    program     static C:\microstep-controller\PIC code\StepMotorControl.asm
               tabLB1946b   0x000836    program     static C:\microstep-controller\PIC code\StepMotorControl.asm
          tglOnLineStatus   0x000966    program     static C:\microstep-controller\PIC code\StepMotorControl.asm
                CONTADORX   0x000038       data     static C:\microstep-controller\PIC code\StepMotorControl.asm
                CONTADORY   0x00003f       data     static C:\microstep-controller\PIC code\StepMotorControl.asm
                CONTADORZ   0x000046       data     static C:\microstep-controller\PIC code\StepMotorControl.asm
                 FSR_TEMP   0x000073       data     static C:\microstep-controller\PIC code\StepMotorControl.asm
                ISR_FSR0L   0x00013d       data     static C:\microstep-controller\PIC code\UARTInt.asm
                  Ibobina   0x000022       data     static C:\microstep-controller\PIC code\StepMotorControl.asm
                   MOTORX   0x000025       data     static C:\microstep-controller\PIC code\StepMotorControl.asm
                   MOTORY   0x000026       data     static C:\microstep-controller\PIC code\StepMotorControl.asm
                   MOTORZ   0x000027       data     static C:\microstep-controller\PIC code\StepMotorControl.asm
              PCLATH_TEMP   0x000072       data     static C:\microstep-controller\PIC code\StepMotorControl.asm
                   RXByte   0x000074       data     static C:\microstep-controller\PIC code\StepMotorControl.asm
              STATUS_TEMP   0x000071       data     static C:\microstep-controller\PIC code\StepMotorControl.asm
       VARIAVEL_TIMER_VAL   0x000020       data     static C:\microstep-controller\PIC code\StepMotorControl.asm
                   W_TEMP   0x000070       data     static C:\microstep-controller\PIC code\StepMotorControl.asm
                     ZERO   0x000064       data     static C:\microstep-controller\PIC code\StepMotorControl.asm
                adcBuffer   0x000115       data     static C:\microstep-controller\PIC code\StepMotorControl.asm
                     addA   0x00004d       data     static C:\microstep-controller\PIC code\StepMotorControl.asm
                     addB   0x00004e       data     static C:\microstep-controller\PIC code\StepMotorControl.asm
                   addtmp   0x00004f       data     static C:\microstep-controller\PIC code\StepMotorControl.asm
                     beh0   0x0000e5       data     static C:\microstep-controller\PIC code\StepMotorControl.asm
                     beh1   0x0000e6       data     static C:\microstep-controller\PIC code\StepMotorControl.asm
                     beh2   0x0000e7       data     static C:\microstep-controller\PIC code\StepMotorControl.asm
                     beh3   0x0000e8       data     static C:\microstep-controller\PIC code\StepMotorControl.asm
                    cANGX   0x000029       data     static C:\microstep-controller\PIC code\StepMotorControl.asm
                    cANGY   0x00002d       data     static C:\microstep-controller\PIC code\StepMotorControl.asm
                    cANGZ   0x000031       data     static C:\microstep-controller\PIC code\StepMotorControl.asm
                    carry   0x000056       data     static C:\microstep-controller\PIC code\StepMotorControl.asm
                   carryX   0x00003e       data     static C:\microstep-controller\PIC code\StepMotorControl.asm
                   carryY   0x000045       data     static C:\microstep-controller\PIC code\StepMotorControl.asm
                   carryZ   0x00004c       data     static C:\microstep-controller\PIC code\StepMotorControl.asm
                debOnLine   0x00005d       data     static C:\microstep-controller\PIC code\StepMotorControl.asm
                dirMotorX   0x00002c       data     static C:\microstep-controller\PIC code\StepMotorControl.asm
                dirMotorY   0x000030       data     static C:\microstep-controller\PIC code\StepMotorControl.asm
                dirMotorZ   0x000034       data     static C:\microstep-controller\PIC code\StepMotorControl.asm
                  direcao   0x000023       data     static C:\microstep-controller\PIC code\StepMotorControl.asm
               ledTeste01   0x000057       data     static C:\microstep-controller\PIC code\StepMotorControl.asm
                motorWTmp   0x000024       data     static C:\microstep-controller\PIC code\StepMotorControl.asm
              nBytes2Send   0x000061       data     static C:\microstep-controller\PIC code\StepMotorControl.asm
                  nPassos   0x000035       data     static C:\microstep-controller\PIC code\StepMotorControl.asm
                  ppMotor   0x000021       data     static C:\microstep-controller\PIC code\StepMotorControl.asm
                 putCount   0x000060       data     static C:\microstep-controller\PIC code\StepMotorControl.asm
                    sHIGH   0x00005a       data     static C:\microstep-controller\PIC code\StepMotorControl.asm
                     sLOW   0x00005b       data     static C:\microstep-controller\PIC code\StepMotorControl.asm
                 serCount   0x00005c       data     static C:\microstep-controller\PIC code\StepMotorControl.asm
                somaCarry   0x000055       data     static C:\microstep-controller\PIC code\StepMotorControl.asm
                     tFSR   0x000075       data     static C:\microstep-controller\PIC code\StepMotorControl.asm
                  tSTATUS   0x000076       data     static C:\microstep-controller\PIC code\StepMotorControl.asm
                       tW   0x000077       data     static C:\microstep-controller\PIC code\StepMotorControl.asm
                    temp1   0x00013b       data     static C:\microstep-controller\PIC code\UARTInt.asm
                    temp3   0x00013c       data     static C:\microstep-controller\PIC code\UARTInt.asm
                   timerH   0x000059       data     static C:\microstep-controller\PIC code\StepMotorControl.asm
                   timerL   0x000058       data     static C:\microstep-controller\PIC code\StepMotorControl.asm
                  tmpByte   0x000063       data     static C:\microstep-controller\PIC code\StepMotorControl.asm
                  tmpChar   0x000062       data     static C:\microstep-controller\PIC code\StepMotorControl.asm
                  tmpHadr   0x00005f       data     static C:\microstep-controller\PIC code\StepMotorControl.asm
                  tmpLadr   0x00005e       data     static C:\microstep-controller\PIC code\StepMotorControl.asm
              vADCDataCnt   0x000113       data     static C:\microstep-controller\PIC code\StepMotorControl.asm
                 vADCPort   0x000110       data     static C:\microstep-controller\PIC code\StepMotorControl.asm
                vADCRdPtr   0x000112       data     static C:\microstep-controller\PIC code\StepMotorControl.asm
               vADCStatus   0x000114       data     static C:\microstep-controller\PIC code\StepMotorControl.asm
                vADCWrPtr   0x000111       data     static C:\microstep-controller\PIC code\StepMotorControl.asm
              vFIFOBuffer   0x0000a0       data     static C:\microstep-controller\PIC code\StepMotorControl.asm
             vFIFODataCnt   0x0000dd       data     static C:\microstep-controller\PIC code\StepMotorControl.asm
               vFIFORdPtr   0x0000df       data     static C:\microstep-controller\PIC code\StepMotorControl.asm
              vFIFOStatus   0x0000dc       data     static C:\microstep-controller\PIC code\StepMotorControl.asm
               vFIFOWrPtr   0x0000de       data     static C:\microstep-controller\PIC code\StepMotorControl.asm
              vPLOTStatus   0x000028       data     static C:\microstep-controller\PIC code\StepMotorControl.asm
           vServoClockCnt   0x0000e0       data     static C:\microstep-controller\PIC code\StepMotorControl.asm
                vServoLmt   0x0000e1       data     static C:\microstep-controller\PIC code\StepMotorControl.asm
          vSetaBitAddress   0x00011f       data     static C:\microstep-controller\PIC code\StepMotorControl.asm
     vUARTIntRxBufDataCnt   0x000138       data     extern C:\microstep-controller\PIC code\UARTInt.asm
       vUARTIntRxBufRdPtr   0x00013a       data     static C:\microstep-controller\PIC code\UARTInt.asm
       vUARTIntRxBufWrPtr   0x000139       data     static C:\microstep-controller\PIC code\UARTInt.asm
         vUARTIntRxBuffer   0x00012e       data     extern C:\microstep-controller\PIC code\UARTInt.asm
           vUARTIntStatus   0x000120       data     extern C:\microstep-controller\PIC code\UARTInt.asm
     vUARTIntTxBufDataCnt   0x00012b       data     extern C:\microstep-controller\PIC code\UARTInt.asm
       vUARTIntTxBufRdPtr   0x00012d       data     static C:\microstep-controller\PIC code\UARTInt.asm
       vUARTIntTxBufWrPtr   0x00012c       data     static C:\microstep-controller\PIC code\UARTInt.asm
         vUARTIntTxBuffer   0x000121       data     extern C:\microstep-controller\PIC code\UARTInt.asm



                              Symbols - Sorted by Address
                     Name    Address   Location    Storage File                     
                ---------  ---------  ---------  --------- ---------                
                Async_ISR   0x000019    program     static C:\microstep-controller\PIC code\StepMotorControl.asm
                apagaLed3   0x00002e    program     static C:\microstep-controller\PIC code\StepMotorControl.asm
                  fimLed3   0x000030    program     static C:\microstep-controller\PIC code\StepMotorControl.asm
   TransferRecdDataToExec   0x000037    program     static C:\microstep-controller\PIC code\StepMotorControl.asm
                NEXTBYTE2   0x000080    program     static C:\microstep-controller\PIC code\StepMotorControl.asm
        continuaPrograma1   0x000086    program     static C:\microstep-controller\PIC code\StepMotorControl.asm
                  fimLed1   0x0000c8    program     static C:\microstep-controller\PIC code\StepMotorControl.asm
                    proxY   0x0000c8    program     static C:\microstep-controller\PIC code\StepMotorControl.asm
                    proxZ   0x0000e6    program     static C:\microstep-controller\PIC code\StepMotorControl.asm
    linhaAindaEmAndamento   0x0000f1    program     static C:\microstep-controller\PIC code\StepMotorControl.asm
                  ExitInt   0x0000f1    program     static C:\microstep-controller\PIC code\StepMotorControl.asm
                     main   0x000103    program     static C:\microstep-controller\PIC code\StepMotorControl.asm
           NEXTBYTE_BANK1   0x00010b    program     static C:\microstep-controller\PIC code\StepMotorControl.asm
           NEXTBYTE_BANK2   0x000114    program     static C:\microstep-controller\PIC code\StepMotorControl.asm
                     Loop   0x000151    program     static C:\microstep-controller\PIC code\StepMotorControl.asm
                  _1JeEnd   0x000168    program     static C:\microstep-controller\PIC code\StepMotorControl.asm
                  _2JeEnd   0x00016f    program     static C:\microstep-controller\PIC code\StepMotorControl.asm
                  _3JeEnd   0x000176    program     static C:\microstep-controller\PIC code\StepMotorControl.asm
                  _4JeEnd   0x00017d    program     static C:\microstep-controller\PIC code\StepMotorControl.asm
                  _5JeEnd   0x000184    program     static C:\microstep-controller\PIC code\StepMotorControl.asm
                  _6JeEnd   0x00018b    program     static C:\microstep-controller\PIC code\StepMotorControl.asm
                  _7JeEnd   0x000192    program     static C:\microstep-controller\PIC code\StepMotorControl.asm
                  _8JeEnd   0x000199    program     static C:\microstep-controller\PIC code\StepMotorControl.asm
                  _9JeEnd   0x0001a0    program     static C:\microstep-controller\PIC code\StepMotorControl.asm
                 _10JeEnd   0x0001a7    program     static C:\microstep-controller\PIC code\StepMotorControl.asm
                 _11JeEnd   0x0001ae    program     static C:\microstep-controller\PIC code\StepMotorControl.asm
                 _12JeEnd   0x0001b5    program     static C:\microstep-controller\PIC code\StepMotorControl.asm
              IGNORE_CHAR   0x0001b6    program     static C:\microstep-controller\PIC code\StepMotorControl.asm
             SETABEHAVIOR   0x0001b7    program     static C:\microstep-controller\PIC code\StepMotorControl.asm
           DESLIGAMOTORES   0x0001c9    program     static C:\microstep-controller\PIC code\StepMotorControl.asm
           STATUS_SIMPLES   0x0001cc    program     static C:\microstep-controller\PIC code\StepMotorControl.asm
            CAPTURA_PORTD   0x0001d6    program     static C:\microstep-controller\PIC code\StepMotorControl.asm
               ALTERA_PWM   0x0001dc    program     static C:\microstep-controller\PIC code\StepMotorControl.asm
            LINHA_SIMPLES   0x0001e6    program     static C:\microstep-controller\PIC code\StepMotorControl.asm
                NEXTBYTE3   0x00021c    program     static C:\microstep-controller\PIC code\StepMotorControl.asm
                    LINHA   0x000227    program     static C:\microstep-controller\PIC code\StepMotorControl.asm
             rFIFOBufFull   0x000269    program     static C:\microstep-controller\PIC code\StepMotorControl.asm
            rFIFOContinue   0x00026b    program     static C:\microstep-controller\PIC code\StepMotorControl.asm
         ALTERA_TIMER_VAL   0x00026d    program     static C:\microstep-controller\PIC code\StepMotorControl.asm
             DADOINVALIDO   0x000273    program     static C:\microstep-controller\PIC code\StepMotorControl.asm
            LookForRxData   0x000277    program     static C:\microstep-controller\PIC code\StepMotorControl.asm
               WaitRxData   0x00027b    program     static C:\microstep-controller\PIC code\StepMotorControl.asm
              WaitRxData1   0x00027f    program     static C:\microstep-controller\PIC code\StepMotorControl.asm
                ReadAgain   0x000284    program     static C:\microstep-controller\PIC code\StepMotorControl.asm
                   WaitTX   0x000292    program     static C:\microstep-controller\PIC code\StepMotorControl.asm
                    PutOK   0x000297    program     static C:\microstep-controller\PIC code\StepMotorControl.asm
                    Wait1   0x00029a    program     static C:\microstep-controller\PIC code\StepMotorControl.asm
                  PutFULL   0x0002a0    program     static C:\microstep-controller\PIC code\StepMotorControl.asm
                    Wait2   0x0002a3    program     static C:\microstep-controller\PIC code\StepMotorControl.asm
                 PutREADY   0x0002a9    program     static C:\microstep-controller\PIC code\StepMotorControl.asm
  _IntVectorInterupt_02AD   0x0002ad    program     static C:\microstep-controller\PIC code\StepMotorControl.asm
                  PutERRO   0x0002b2    program     static C:\microstep-controller\PIC code\StepMotorControl.asm
                    Wait3   0x0002b5    program     static C:\microstep-controller\PIC code\StepMotorControl.asm
                  PutChar   0x0002bb    program     static C:\microstep-controller\PIC code\StepMotorControl.asm
  _IntVectorInterupt_02BE   0x0002be    program     static C:\microstep-controller\PIC code\StepMotorControl.asm
               PutBIN2HEX   0x0002c3    program     static C:\microstep-controller\PIC code\StepMotorControl.asm
                  bin2hex   0x0002d7    program     static C:\microstep-controller\PIC code\StepMotorControl.asm
                  TABELA1   0x0002e0    program     static C:\microstep-controller\PIC code\StepMotorControl.asm
              UARTIntInit   0x0002f3    program     extern C:\microstep-controller\PIC code\16UARTI.asm
             UARTIntGetCh   0x000317    program     extern C:\microstep-controller\PIC code\16UARTI.asm
         TransferRecdData   0x00031e    program     static C:\microstep-controller\PIC code\16UARTI.asm
             UARTIntPutCh   0x00032c    program     extern C:\microstep-controller\PIC code\16UARTI.asm
           AppendTxBuffer   0x00033f    program     static C:\microstep-controller\PIC code\16UARTI.asm
             TxBufNotFull   0x00034e    program     static C:\microstep-controller\PIC code\16UARTI.asm
               UARTIntISR   0x000354    program     extern C:\microstep-controller\PIC code\16UARTI.asm
             TransmitData   0x000369    program     static C:\microstep-controller\PIC code\16UARTI.asm
              ChkReceiver   0x000376    program     static C:\microstep-controller\PIC code\16UARTI.asm
           AppendRxBuffer   0x000392    program     static C:\microstep-controller\PIC code\16UARTI.asm
                RxBufFull   0x0003a6    program     static C:\microstep-controller\PIC code\16UARTI.asm
                 RcvError   0x0003a8    program     static C:\microstep-controller\PIC code\16UARTI.asm
                   EndISR   0x0003af    program     static C:\microstep-controller\PIC code\16UARTI.asm
                  SomaAux   0x000400    program     static C:\microstep-controller\PIC code\StepMotorControl.asm
                     fim5   0x00041a    program     static C:\microstep-controller\PIC code\StepMotorControl.asm
                    fim41   0x000422    program     static C:\microstep-controller\PIC code\StepMotorControl.asm
                    fim42   0x000423    program     static C:\microstep-controller\PIC code\StepMotorControl.asm
                    fim43   0x000428    program     static C:\microstep-controller\PIC code\StepMotorControl.asm
                    fim31   0x000431    program     static C:\microstep-controller\PIC code\StepMotorControl.asm
                    fim32   0x000432    program     static C:\microstep-controller\PIC code\StepMotorControl.asm
                    fim33   0x000438    program     static C:\microstep-controller\PIC code\StepMotorControl.asm
                    fim21   0x000440    program     static C:\microstep-controller\PIC code\StepMotorControl.asm
                    fim22   0x000441    program     static C:\microstep-controller\PIC code\StepMotorControl.asm
                    fim23   0x000441    program     static C:\microstep-controller\PIC code\StepMotorControl.asm
                    fim11   0x000449    program     static C:\microstep-controller\PIC code\StepMotorControl.asm
                    fim12   0x00044a    program     static C:\microstep-controller\PIC code\StepMotorControl.asm
                    fim13   0x00044a    program     static C:\microstep-controller\PIC code\StepMotorControl.asm
           STATUS_SISTEMA   0x00044e    program     static C:\microstep-controller\PIC code\StepMotorControl.asm
                   printS   0x0004a4    program     static C:\microstep-controller\PIC code\StepMotorControl.asm
                printSFim   0x0004b3    program     static C:\microstep-controller\PIC code\StepMotorControl.asm
                  getChar   0x0004b4    program     static C:\microstep-controller\PIC code\StepMotorControl.asm
                PutBigHEX   0x0004ba    program     static C:\microstep-controller\PIC code\StepMotorControl.asm
               pBNextByte   0x0004bd    program     static C:\microstep-controller\PIC code\StepMotorControl.asm
                    pBEnd   0x0004e5    program     static C:\microstep-controller\PIC code\StepMotorControl.asm
                  Strings   0x0004e6    program     static C:\microstep-controller\PIC code\StepMotorControl.asm
                     str1   0x0004e6    program     static C:\microstep-controller\PIC code\StepMotorControl.asm
                     str2   0x000528    program     static C:\microstep-controller\PIC code\StepMotorControl.asm
           procStepLB1946   0x000800    program     static C:\microstep-controller\PIC code\StepMotorControl.asm
                diminuir2   0x000807    program     static C:\microstep-controller\PIC code\StepMotorControl.asm
                continua2   0x000809    program     static C:\microstep-controller\PIC code\StepMotorControl.asm
               tabLB1946a   0x00081a    program     static C:\microstep-controller\PIC code\StepMotorControl.asm
                 TAB1946A   0x000825    program     static C:\microstep-controller\PIC code\StepMotorControl.asm
               tabLB1946b   0x000836    program     static C:\microstep-controller\PIC code\StepMotorControl.asm
                 TAB1946B   0x000841    program     static C:\microstep-controller\PIC code\StepMotorControl.asm
            procStepA2919   0x000852    program     static C:\microstep-controller\PIC code\StepMotorControl.asm
               diminuir2a   0x000859    program     static C:\microstep-controller\PIC code\StepMotorControl.asm
               continua2a   0x00085b    program     static C:\microstep-controller\PIC code\StepMotorControl.asm
                 tabA2919   0x000865    program     static C:\microstep-controller\PIC code\StepMotorControl.asm
                    A2919   0x000870    program     static C:\microstep-controller\PIC code\StepMotorControl.asm
            processaPasso   0x000881    program     static C:\microstep-controller\PIC code\StepMotorControl.asm
                diminuir1   0x000889    program     static C:\microstep-controller\PIC code\StepMotorControl.asm
                continua1   0x00088b    program     static C:\microstep-controller\PIC code\StepMotorControl.asm
                     dacA   0x0008a9    program     static C:\microstep-controller\PIC code\StepMotorControl.asm
                     TAB1   0x0008b4    program     static C:\microstep-controller\PIC code\StepMotorControl.asm
                     dacB   0x0008c5    program     static C:\microstep-controller\PIC code\StepMotorControl.asm
                     TAB2   0x0008d0    program     static C:\microstep-controller\PIC code\StepMotorControl.asm
                    direA   0x0008e1    program     static C:\microstep-controller\PIC code\StepMotorControl.asm
                     TAB3   0x0008ec    program     static C:\microstep-controller\PIC code\StepMotorControl.asm
                    direB   0x0008fd    program     static C:\microstep-controller\PIC code\StepMotorControl.asm
                     TAB4   0x000908    program     static C:\microstep-controller\PIC code\StepMotorControl.asm
               serializar   0x00091a    program     static C:\microstep-controller\PIC code\StepMotorControl.asm
           serProximoBit1   0x00091d    program     static C:\microstep-controller\PIC code\StepMotorControl.asm
                     ser1   0x000923    program     static C:\microstep-controller\PIC code\StepMotorControl.asm
                     serE   0x000924    program     static C:\microstep-controller\PIC code\StepMotorControl.asm
              serNextByte   0x000928    program     static C:\microstep-controller\PIC code\StepMotorControl.asm
           serProximoBit2   0x00092a    program     static C:\microstep-controller\PIC code\StepMotorControl.asm
                     ser2   0x000930    program     static C:\microstep-controller\PIC code\StepMotorControl.asm
                    serE2   0x000931    program     static C:\microstep-controller\PIC code\StepMotorControl.asm
         SerializarViaSSP   0x000938    program     static C:\microstep-controller\PIC code\StepMotorControl.asm
                  KeyScan   0x000955    program     static C:\microstep-controller\PIC code\StepMotorControl.asm
               FimKeyScan   0x000965    program     static C:\microstep-controller\PIC code\StepMotorControl.asm
          tglOnLineStatus   0x000966    program     static C:\microstep-controller\PIC code\StepMotorControl.asm
                    actUp   0x000973    program     static C:\microstep-controller\PIC code\StepMotorControl.asm
                  actDown   0x000977    program     static C:\microstep-controller\PIC code\StepMotorControl.asm
                 actDownR   0x00097a    program     static C:\microstep-controller\PIC code\StepMotorControl.asm
                  actLeft   0x00098e    program     static C:\microstep-controller\PIC code\StepMotorControl.asm
                 actRight   0x000992    program     static C:\microstep-controller\PIC code\StepMotorControl.asm
                actRightR   0x000995    program     static C:\microstep-controller\PIC code\StepMotorControl.asm
             ExecBehavior   0x0009a9    program     static C:\microstep-controller\PIC code\StepMotorControl.asm
          processaPWMFunc   0x0009ca    program     static C:\microstep-controller\PIC code\StepMotorControl.asm
         procPWM_SETA_ALL   0x0009d1    program     static C:\microstep-controller\PIC code\StepMotorControl.asm
          procPWM_ANALISA   0x0009d8    program     static C:\microstep-controller\PIC code\StepMotorControl.asm
            NEXT_PWM_SIG1   0x0009e3    program     static C:\microstep-controller\PIC code\StepMotorControl.asm
            NEXT_PWM_SIG2   0x0009ec    program     static C:\microstep-controller\PIC code\StepMotorControl.asm
            NEXT_PWM_SIG3   0x0009f5    program     static C:\microstep-controller\PIC code\StepMotorControl.asm
            NEXT_PWM_SIG4   0x0009fe    program     static C:\microstep-controller\PIC code\StepMotorControl.asm
       desligaMotoresFunc   0x0009ff    program     static C:\microstep-controller\PIC code\StepMotorControl.asm
                SETAIOPIN   0x000a1c    program     static C:\microstep-controller\PIC code\StepMotorControl.asm
               SETA_BIT_1   0x000a34    program     static C:\microstep-controller\PIC code\StepMotorControl.asm
               SETA_BIT_2   0x000a41    program     static C:\microstep-controller\PIC code\StepMotorControl.asm
               SETA_BIT_3   0x000a4e    program     static C:\microstep-controller\PIC code\StepMotorControl.asm
               SETA_BIT_4   0x000a5b    program     static C:\microstep-controller\PIC code\StepMotorControl.asm
             SETA_BIT_FIM   0x000a67    program     static C:\microstep-controller\PIC code\StepMotorControl.asm
       VARIAVEL_TIMER_VAL   0x000020       data     static C:\microstep-controller\PIC code\StepMotorControl.asm
                  ppMotor   0x000021       data     static C:\microstep-controller\PIC code\StepMotorControl.asm
                  Ibobina   0x000022       data     static C:\microstep-controller\PIC code\StepMotorControl.asm
                  direcao   0x000023       data     static C:\microstep-controller\PIC code\StepMotorControl.asm
                motorWTmp   0x000024       data     static C:\microstep-controller\PIC code\StepMotorControl.asm
                   MOTORX   0x000025       data     static C:\microstep-controller\PIC code\StepMotorControl.asm
                   MOTORY   0x000026       data     static C:\microstep-controller\PIC code\StepMotorControl.asm
                   MOTORZ   0x000027       data     static C:\microstep-controller\PIC code\StepMotorControl.asm
              vPLOTStatus   0x000028       data     static C:\microstep-controller\PIC code\StepMotorControl.asm
                    cANGX   0x000029       data     static C:\microstep-controller\PIC code\StepMotorControl.asm
                dirMotorX   0x00002c       data     static C:\microstep-controller\PIC code\StepMotorControl.asm
                    cANGY   0x00002d       data     static C:\microstep-controller\PIC code\StepMotorControl.asm
                dirMotorY   0x000030       data     static C:\microstep-controller\PIC code\StepMotorControl.asm
                    cANGZ   0x000031       data     static C:\microstep-controller\PIC code\StepMotorControl.asm
                dirMotorZ   0x000034       data     static C:\microstep-controller\PIC code\StepMotorControl.asm
                  nPassos   0x000035       data     static C:\microstep-controller\PIC code\StepMotorControl.asm
                CONTADORX   0x000038       data     static C:\microstep-controller\PIC code\StepMotorControl.asm
                   carryX   0x00003e       data     static C:\microstep-controller\PIC code\StepMotorControl.asm
                CONTADORY   0x00003f       data     static C:\microstep-controller\PIC code\StepMotorControl.asm
                   carryY   0x000045       data     static C:\microstep-controller\PIC code\StepMotorControl.asm
                CONTADORZ   0x000046       data     static C:\microstep-controller\PIC code\StepMotorControl.asm
                   carryZ   0x00004c       data     static C:\microstep-controller\PIC code\StepMotorControl.asm
                     addA   0x00004d       data     static C:\microstep-controller\PIC code\StepMotorControl.asm
                     addB   0x00004e       data     static C:\microstep-controller\PIC code\StepMotorControl.asm
                   addtmp   0x00004f       data     static C:\microstep-controller\PIC code\StepMotorControl.asm
                somaCarry   0x000055       data     static C:\microstep-controller\PIC code\StepMotorControl.asm
                    carry   0x000056       data     static C:\microstep-controller\PIC code\StepMotorControl.asm
               ledTeste01   0x000057       data     static C:\microstep-controller\PIC code\StepMotorControl.asm
                   timerL   0x000058       data     static C:\microstep-controller\PIC code\StepMotorControl.asm
                   timerH   0x000059       data     static C:\microstep-controller\PIC code\StepMotorControl.asm
                    sHIGH   0x00005a       data     static C:\microstep-controller\PIC code\StepMotorControl.asm
                     sLOW   0x00005b       data     static C:\microstep-controller\PIC code\StepMotorControl.asm
                 serCount   0x00005c       data     static C:\microstep-controller\PIC code\StepMotorControl.asm
                debOnLine   0x00005d       data     static C:\microstep-controller\PIC code\StepMotorControl.asm
                  tmpLadr   0x00005e       data     static C:\microstep-controller\PIC code\StepMotorControl.asm
                  tmpHadr   0x00005f       data     static C:\microstep-controller\PIC code\StepMotorControl.asm
                 putCount   0x000060       data     static C:\microstep-controller\PIC code\StepMotorControl.asm
              nBytes2Send   0x000061       data     static C:\microstep-controller\PIC code\StepMotorControl.asm
                  tmpChar   0x000062       data     static C:\microstep-controller\PIC code\StepMotorControl.asm
                  tmpByte   0x000063       data     static C:\microstep-controller\PIC code\StepMotorControl.asm
                     ZERO   0x000064       data     static C:\microstep-controller\PIC code\StepMotorControl.asm
                   W_TEMP   0x000070       data     static C:\microstep-controller\PIC code\StepMotorControl.asm
              STATUS_TEMP   0x000071       data     static C:\microstep-controller\PIC code\StepMotorControl.asm
              PCLATH_TEMP   0x000072       data     static C:\microstep-controller\PIC code\StepMotorControl.asm
                 FSR_TEMP   0x000073       data     static C:\microstep-controller\PIC code\StepMotorControl.asm
                   RXByte   0x000074       data     static C:\microstep-controller\PIC code\StepMotorControl.asm
                     tFSR   0x000075       data     static C:\microstep-controller\PIC code\StepMotorControl.asm
                  tSTATUS   0x000076       data     static C:\microstep-controller\PIC code\StepMotorControl.asm
                       tW   0x000077       data     static C:\microstep-controller\PIC code\StepMotorControl.asm
              vFIFOBuffer   0x0000a0       data     static C:\microstep-controller\PIC code\StepMotorControl.asm
              vFIFOStatus   0x0000dc       data     static C:\microstep-controller\PIC code\StepMotorControl.asm
             vFIFODataCnt   0x0000dd       data     static C:\microstep-controller\PIC code\StepMotorControl.asm
               vFIFOWrPtr   0x0000de       data     static C:\microstep-controller\PIC code\StepMotorControl.asm
               vFIFORdPtr   0x0000df       data     static C:\microstep-controller\PIC code\StepMotorControl.asm
           vServoClockCnt   0x0000e0       data     static C:\microstep-controller\PIC code\StepMotorControl.asm
                vServoLmt   0x0000e1       data     static C:\microstep-controller\PIC code\StepMotorControl.asm
                     beh0   0x0000e5       data     static C:\microstep-controller\PIC code\StepMotorControl.asm
                     beh1   0x0000e6       data     static C:\microstep-controller\PIC code\StepMotorControl.asm
                     beh2   0x0000e7       data     static C:\microstep-controller\PIC code\StepMotorControl.asm
                     beh3   0x0000e8       data     static C:\microstep-controller\PIC code\StepMotorControl.asm
                 vADCPort   0x000110       data     static C:\microstep-controller\PIC code\StepMotorControl.asm
                vADCWrPtr   0x000111       data     static C:\microstep-controller\PIC code\StepMotorControl.asm
                vADCRdPtr   0x000112       data     static C:\microstep-controller\PIC code\StepMotorControl.asm
              vADCDataCnt   0x000113       data     static C:\microstep-controller\PIC code\StepMotorControl.asm
               vADCStatus   0x000114       data     static C:\microstep-controller\PIC code\StepMotorControl.asm
                adcBuffer   0x000115       data     static C:\microstep-controller\PIC code\StepMotorControl.asm
          vSetaBitAddress   0x00011f       data     static C:\microstep-controller\PIC code\StepMotorControl.asm
           vUARTIntStatus   0x000120       data     extern C:\microstep-controller\PIC code\UARTInt.asm
         vUARTIntTxBuffer   0x000121       data     extern C:\microstep-controller\PIC code\UARTInt.asm
     vUARTIntTxBufDataCnt   0x00012b       data     extern C:\microstep-controller\PIC code\UARTInt.asm
       vUARTIntTxBufWrPtr   0x00012c       data     static C:\microstep-controller\PIC code\UARTInt.asm
       vUARTIntTxBufRdPtr   0x00012d       data     static C:\microstep-controller\PIC code\UARTInt.asm
         vUARTIntRxBuffer   0x00012e       data     extern C:\microstep-controller\PIC code\UARTInt.asm
     vUARTIntRxBufDataCnt   0x000138       data     extern C:\microstep-controller\PIC code\UARTInt.asm
       vUARTIntRxBufWrPtr   0x000139       data     static C:\microstep-controller\PIC code\UARTInt.asm
       vUARTIntRxBufRdPtr   0x00013a       data     static C:\microstep-controller\PIC code\UARTInt.asm
                    temp1   0x00013b       data     static C:\microstep-controller\PIC code\UARTInt.asm
                    temp3   0x00013c       data     static C:\microstep-controller\PIC code\UARTInt.asm
                ISR_FSR0L   0x00013d       data     static C:\microstep-controller\PIC code\UARTInt.asm


